
--- stderr ---
Type     Name                                                                          # reqs      # fails |    Avg     Min     Max    Med |   req/s  failures/s
--------|----------------------------------------------------------------------------|-------|-------------|-------|-------|-------|-------|--------|-----------
GET      ai/conversations                                                                  31     0(0.00%) |     25       7     327     13 |    3.20        0.00
GET      ai/status                                                                         60     0(0.00%) |     35       6     335     12 |    6.19        0.00
GET      auth/csrf                                                                         25     0(0.00%) |     17      10      34     16 |    2.58        0.00
POST     auth/login                                                                        25     0(0.00%) |    741     270     920    910 |    2.58        0.00
GET      business/devices                                                                 186     0(0.00%) |     28       6     557     11 |   19.18        0.00
GET      business/notifications                                                            49     0(0.00%) |     31       8     514     12 |    5.05        0.00
GET      business/reservations                                                             95     0(0.00%) |     56      14     634     23 |    9.80        0.00
--------|----------------------------------------------------------------------------|-------|-------------|-------|-------|-------|-------|--------|-----------
         Aggregated                                                                       471     0(0.00%) |     72       6     920     16 |   48.58        0.00

Response time percentiles (approximated)
Type     Name                                                                                  50%    66%    75%    80%    90%    95%    98%    99%  99.9% 99.99%   100% # reqs
--------|--------------------------------------------------------------------------------|--------|------|------|------|------|------|------|------|------|------|------|------
GET      ai/conversations                                                                       13     17     20     22     26     38    330    330    330    330    330     31
GET      ai/status                                                                              12     16     20     21     29    330    330    340    340    340    340     60
GET      auth/csrf                                                                              16     17     19     23     26     30     34     34     34     34     34     25
POST     auth/login                                                                            910    910    920    920    920    920    920    920    920    920    920     25
GET      business/devices                                                                       11     16     21     26     34     47    370    430    560    560    560    186
GET      business/notifications                                                                 12     16     19     21     30     36    510    510    510    510    510     49
GET      business/reservations                                                                  23     33     43     50     70    340    350    630    630    630    630     95
--------|--------------------------------------------------------------------------------|--------|------|------|------|------|------|------|------|------|------|------|------
         Aggregated                                                                             16     21     28     32     70    430    910    920    920    920    920    471

