
--- stderr ---
Type     Name                                                                          # reqs      # fails |    Avg     Min     Max    Med |   req/s  failures/s
--------|----------------------------------------------------------------------------|-------|-------------|-------|-------|-------|-------|--------|-----------
GET      ai/conversations                                                                   5     0(0.00%) |     66      14     256     19 |    0.53        0.00
GET      ai/status                                                                          9     0(0.00%) |     24       8      70     18 |    0.95        0.00
GET      auth/csrf                                                                          5     0(0.00%) |     20      12      30     19 |    0.53        0.00
POST     auth/login                                                                         5     0(0.00%) |    573     447     631    620 |    0.53        0.00
GET      business/devices                                                                  37     0(0.00%) |     30      11     267     18 |    3.89        0.00
GET      business/notifications                                                            14     0(0.00%) |     54      13     297     24 |    1.47        0.00
GET      business/reservations                                                             23     0(0.00%) |     47      27     190     35 |    2.42        0.00
--------|----------------------------------------------------------------------------|-------|-------------|-------|-------|-------|-------|--------|-----------
         Aggregated                                                                        98     0(0.00%) |     66       8     631     23 |   10.30        0.00

Response time percentiles (approximated)
Type     Name                                                                                  50%    66%    75%    80%    90%    95%    98%    99%  99.9% 99.99%   100% # reqs
--------|--------------------------------------------------------------------------------|--------|------|------|------|------|------|------|------|------|------|------|------
GET      ai/conversations                                                                       19     23     23    260    260    260    260    260    260    260    260      5
GET      ai/status                                                                              18     19     27     37     70     70     70     70     70     70     70      9
GET      auth/csrf                                                                              19     20     20     31     31     31     31     31     31     31     31      5
POST     auth/login                                                                            620    620    620    630    630    630    630    630    630    630    630      5
GET      business/devices                                                                       18     21     23     26     36    160    270    270    270    270    270     37
GET      business/notifications                                                                 24     30     37     38    190    300    300    300    300    300    300     14
GET      business/reservations                                                                  35     43     45     49     64    110    190    190    190    190    190     23
--------|--------------------------------------------------------------------------------|--------|------|------|------|------|------|------|------|------|------|------|------
         Aggregated                                                                             23     31     37     43    190    450    620    630    630    630    630     98

