
--- stderr ---
Type     Name                                                                          # reqs      # fails |    Avg     Min     Max    Med |   req/s  failures/s
--------|----------------------------------------------------------------------------|-------|-------------|-------|-------|-------|-------|--------|-----------
GET      ai/conversations                                                                  10     0(0.00%) |     12       8      25     11 |    1.04        0.00
GET      ai/status                                                                         26     0(0.00%) |     17       7      57     13 |    2.70        0.00
GET      auth/csrf                                                                         10     0(0.00%) |     11       7      18     12 |    1.04        0.00
POST     auth/login                                                                        10     0(0.00%) |    442     437     451    440 |    1.04        0.00
GET      business/devices                                                                  88     0(0.00%) |     18       8      62     13 |    9.15        0.00
GET      business/notifications                                                            25     0(0.00%) |     17       9      48     14 |    2.60        0.00
GET      business/reservations                                                             34     0(0.00%) |     26      18      47     24 |    3.54        0.00
--------|----------------------------------------------------------------------------|-------|-------------|-------|-------|-------|-------|--------|-----------
         Aggregated                                                                       203     0(0.00%) |     39       7     451     16 |   21.11        0.00

Response time percentiles (approximated)
Type     Name                                                                                  50%    66%    75%    80%    90%    95%    98%    99%  99.9% 99.99%   100% # reqs
--------|--------------------------------------------------------------------------------|--------|------|------|------|------|------|------|------|------|------|------|------
GET      ai/conversations                                                                       11     12     13     14     25     25     25     25     25     25     25     10
GET      ai/status                                                                              13     15     19     22     35     54     58     58     58     58     58     26
GET      auth/csrf                                                                              12     12     13     13     18     18     18     18     18     18     18     10
POST     auth/login                                                                            440    440    450    450    450    450    450    450    450    450    450     10
GET      business/devices                                                                       13     17     21     22     38     58     61     62     62     62     62     88
GET      business/notifications                                                                 14     19     20     25     27     36     48     48     48     48     48     25
GET      business/reservations                                                                  24     26     30     33     41     46     48     48     48     48     48     34
--------|--------------------------------------------------------------------------------|--------|------|------|------|------|------|------|------|------|------|------|------
         Aggregated                                                                             16     21     24     26     48     62    440    450    450    450    450    203

