
--- stderr ---
Type     Name                                                                          # reqs      # fails |    Avg     Min     Max    Med |   req/s  failures/s
--------|----------------------------------------------------------------------------|-------|-------------|-------|-------|-------|-------|--------|-----------
GET      ai/conversations                                                                  29     0(0.00%) |     45      10     632     17 |    3.05        0.00
GET      ai/status                                                                         48     0(0.00%) |     20       7     201     14 |    5.04        0.00
GET      auth/csrf                                                                         25     0(0.00%) |     60      14     363     22 |    2.63        0.00
POST     auth/login                                                                        25     0(0.00%) |   1981    1083    2372   2100 |    2.63        0.00
GET      business/devices                                                                 133     1(0.75%) |     53      10    1098     18 |   13.97        0.11
GET      business/notifications                                                            50     1(2.00%) |     75      10     775     22 |    5.25        0.11
GET      business/reservations                                                             72     0(0.00%) |     47      23     237     33 |    7.56        0.00
--------|----------------------------------------------------------------------------|-------|-------------|-------|-------|-------|-------|--------|-----------
         Aggregated                                                                       382     2(0.52%) |    176       7    2372     22 |   40.13        0.21

Response time percentiles (approximated)
Type     Name                                                                                  50%    66%    75%    80%    90%    95%    98%    99%  99.9% 99.99%   100% # reqs
--------|--------------------------------------------------------------------------------|--------|------|------|------|------|------|------|------|------|------|------|------
GET      ai/conversations                                                                       17     21     23     25     41    210    630    630    630    630    630     29
GET      ai/status                                                                              14     18     19     22     29     40    200    200    200    200    200     48
GET      auth/csrf                                                                              22     35     43    120    130    280    360    360    360    360    360     25
POST     auth/login                                                                           2100   2400   2400   2400   2400   2400   2400   2400   2400   2400   2400     25
GET      business/devices                                                                       18     22     27     28     48    280    520    730   1100   1100   1100    133
GET      business/notifications                                                                 22     24     25     31    220    540    780    780    780    780    780     50
GET      business/reservations                                                                  33     38     44     47     61    230    230    240    240    240    240     72
--------|--------------------------------------------------------------------------------|--------|------|------|------|------|------|------|------|------|------|------|------
         Aggregated                                                                             22     30     37     43    280   1300   2400   2400   2400   2400   2400    382

Error report
# occurrences      Error                                                                                               
------------------|---------------------------------------------------------------------------------------------------------------------------------------------
1                  GET business/devices: HTTPError('503 Server Error: Service Unavailable for url: business/devices')  
1                  GET business/notifications: HTTPError('503 Server Error: Service Unavailable for url: business/notifications')
------------------|---------------------------------------------------------------------------------------------------------------------------------------------

