
--- stderr ---
Type     Name                                                                          # reqs      # fails |    Avg     Min     Max    Med |   req/s  failures/s
--------|----------------------------------------------------------------------------|-------|-------------|-------|-------|-------|-------|--------|-----------
GET      ai/conversations                                                                  14     0(0.00%) |     18       9      43     16 |    1.47        0.00
GET      ai/status                                                                         29     0(0.00%) |     15       7      43     13 |    3.04        0.00
GET      auth/csrf                                                                         10     0(0.00%) |     13      11      16     13 |    1.05        0.00
POST     auth/login                                                                        10     0(0.00%) |    441     362     454    450 |    1.05        0.00
GET      business/devices                                                                  80     0(0.00%) |     18       7     132     14 |    8.38        0.00
GET      business/notifications                                                            19     0(0.00%) |     20      11      44     17 |    1.99        0.00
GET      business/reservations                                                             32     0(0.00%) |     32      17      89     25 |    3.35        0.00
--------|----------------------------------------------------------------------------|-------|-------------|-------|-------|-------|-------|--------|-----------
         Aggregated                                                                       194     0(0.00%) |     42       7     454     17 |   20.33        0.00

Response time percentiles (approximated)
Type     Name                                                                                  50%    66%    75%    80%    90%    95%    98%    99%  99.9% 99.99%   100% # reqs
--------|--------------------------------------------------------------------------------|--------|------|------|------|------|------|------|------|------|------|------|------
GET      ai/conversations                                                                       16     18     21     26     38     44     44     44     44     44     44     14
GET      ai/status                                                                              13     17     18     22     30     39     43     43     43     43     43     29
GET      auth/csrf                                                                              13     14     14     14     16     16     16     16     16     16     16     10
POST     auth/login                                                                            450    450    450    450    450    450    450    450    450    450    450     10
GET      business/devices                                                                       14     17     20     23     38     49     59    130    130    130    130     80
GET      business/notifications                                                                 17     23     27     28     31     45     45     45     45     45     45     19
GET      business/reservations                                                                  25     33     46     50     55     70     90     90     90     90     90     32
--------|--------------------------------------------------------------------------------|--------|------|------|------|------|------|------|------|------|------|------|------
         Aggregated                                                                             17     21     26     30     50    360    450    450    450    450    450    194

