
--- stderr ---
Type     Name                                                                          # reqs      # fails |    Avg     Min     Max    Med |   req/s  failures/s
--------|----------------------------------------------------------------------------|-------|-------------|-------|-------|-------|-------|--------|-----------
GET      ai/conversations                                                                  17     0(0.00%) |     15       7      45     13 |    1.77        0.00
GET      ai/status                                                                         26     0(0.00%) |     13       6      33     11 |    2.71        0.00
GET      auth/csrf                                                                         10     0(0.00%) |     11       8      18     11 |    1.04        0.00
POST     auth/login                                                                        10     0(0.00%) |    408     291     475    460 |    1.04        0.00
GET      business/devices                                                                  79     0(0.00%) |     26       8     217     14 |    8.23        0.00
GET      business/notifications                                                            23     0(0.00%) |     23       9      83     18 |    2.40        0.00
GET      business/reservations                                                             37     0(0.00%) |     30      14      92     23 |    3.85        0.00
--------|----------------------------------------------------------------------------|-------|-------------|-------|-------|-------|-------|--------|-----------
         Aggregated                                                                       202     0(0.00%) |     42       6     475     17 |   21.04        0.00

Response time percentiles (approximated)
Type     Name                                                                                  50%    66%    75%    80%    90%    95%    98%    99%  99.9% 99.99%   100% # reqs
--------|--------------------------------------------------------------------------------|--------|------|------|------|------|------|------|------|------|------|------|------
GET      ai/conversations                                                                       13     17     17     20     31     46     46     46     46     46     46     17
GET      ai/status                                                                              11     14     19     20     25     29     34     34     34     34     34     26
GET      auth/csrf                                                                              11     13     13     13     18     18     18     18     18     18     18     10
POST     auth/login                                                                            460    460    470    470    480    480    480    480    480    480    480     10
GET      business/devices                                                                       14     20     26     28     46     91    220    220    220    220    220     79
GET      business/notifications                                                                 18     30     34     35     38     41     83     83     83     83     83     23
GET      business/reservations                                                                  23     30     35     43     51     62     93     93     93     93     93     37
--------|--------------------------------------------------------------------------------|--------|------|------|------|------|------|------|------|------|------|------|------
         Aggregated                                                                             17     23     28     34     51    220    460    470    480    480    480    202

