
--- stderr ---
Type     Name                                                                          # reqs      # fails |    Avg     Min     Max    Med |   req/s  failures/s
--------|----------------------------------------------------------------------------|-------|-------------|-------|-------|-------|-------|--------|-----------
GET      ai/conversations                                                                  11    7(63.64%) |   2115    1244    2913   2200 |    1.12        0.71
GET      ai/status                                                                         17   12(70.59%) |   1719     318    3015   2000 |    1.74        1.23
GET      auth/csrf                                                                        100     0(0.00%) |   1058      14    2537   1100 |   10.21        0.00
POST     auth/login                                                                       100   22(22.00%) |   2411    1280    3251   2500 |   10.21        2.25
GET      business/devices                                                                  66   54(81.82%) |   1817      38    4317   2000 |    6.74        5.51
GET      business/notifications                                                            22   11(50.00%) |   2127      97    3054   2500 |    2.25        1.12
GET      business/reservations                                                             35   22(62.86%) |   2140     354    3272   2300 |    3.57        2.25
--------|----------------------------------------------------------------------------|-------|-------------|-------|-------|-------|-------|--------|-----------
         Aggregated                                                                       351  128(36.47%) |   1826      14    4317   2000 |   35.84       13.07

Response time percentiles (approximated)
Type     Name                                                                                  50%    66%    75%    80%    90%    95%    98%    99%  99.9% 99.99%   100% # reqs
--------|--------------------------------------------------------------------------------|--------|------|------|------|------|------|------|------|------|------|------|------
GET      ai/conversations                                                                     2200   2400   2400   2400   2700   2900   2900   2900   2900   2900   2900     11
GET      ai/status                                                                            2000   2500   2500   2600   2900   3000   3000   3000   3000   3000   3000     17
GET      auth/csrf                                                                            1100   1400   1500   2000   2200   2300   2500   2500   2500   2500   2500    100
POST     auth/login                                                                           2500   2800   2800   2900   3000   3100   3200   3300   3300   3300   3300    100
GET      business/devices                                                                     2000   2200   2300   2400   2800   2900   3000   4300   4300   4300   4300     66
GET      business/notifications                                                               2500   2700   2700   2800   2900   2900   3100   3100   3100   3100   3100     22
GET      business/reservations                                                                2300   2500   2700   2900   3100   3200   3300   3300   3300   3300   3300     35
--------|--------------------------------------------------------------------------------|--------|------|------|------|------|------|------|------|------|------|------|------
         Aggregated                                                                           2000   2400   2500   2700   2900   3000   3100   3200   4300   4300   4300    351

Error report
# occurrences      Error                                                                                               
------------------|---------------------------------------------------------------------------------------------------------------------------------------------
22                 POST auth/login: HTTPError('503 Server Error: Service Unavailable for url: auth/login')             
15                 GET business/reservations: HTTPError('401 Client Error: Unauthorized for url: business/reservations')
37                 GET business/devices: HTTPError('401 Client Error: Unauthorized for url: business/devices')         
7                  GET business/notifications: HTTPError('401 Client Error: Unauthorized for url: business/notifications')
9                  GET ai/status: HTTPError('401 Client Error: Unauthorized for url: ai/status')                       
4                  GET business/notifications: HTTPError('503 Server Error: Service Unavailable for url: business/notifications')
17                 GET business/devices: HTTPError('503 Server Error: Service Unavailable for url: business/devices')  
3                  GET ai/status: HTTPError('503 Server Error: Service Unavailable for url: ai/status')                
7                  GET business/reservations: HTTPError('503 Server Error: Service Unavailable for url: business/reservations')
5                  GET ai/conversations: HTTPError('401 Client Error: Unauthorized for url: ai/conversations')         
2                  GET ai/conversations: HTTPError('503 Server Error: Service Unavailable for url: ai/conversations')  
------------------|---------------------------------------------------------------------------------------------------------------------------------------------

