
--- stderr ---
Type     Name                                                                          # reqs      # fails |    Avg     Min     Max    Med |   req/s  failures/s
--------|----------------------------------------------------------------------------|-------|-------------|-------|-------|-------|-------|--------|-----------
GET      ai/conversations                                                                   9     0(0.00%) |     19       8      57     13 |    0.94        0.00
GET      ai/status                                                                          9     0(0.00%) |     19      10      29     17 |    0.94        0.00
GET      auth/csrf                                                                          5     0(0.00%) |     11       9      15     12 |    0.52        0.00
POST     auth/login                                                                         5     0(0.00%) |    409     404     415    410 |    0.52        0.00
GET      business/devices                                                                  37     0(0.00%) |     19       8      39     17 |    3.86        0.00
GET      business/notifications                                                            15     0(0.00%) |     21      10      36     22 |    1.57        0.00
GET      business/reservations                                                             19     0(0.00%) |     33      19      73     30 |    1.98        0.00
--------|----------------------------------------------------------------------------|-------|-------------|-------|-------|-------|-------|--------|-----------
         Aggregated                                                                        99     0(0.00%) |     41       8     415     22 |   10.33        0.00

Response time percentiles (approximated)
Type     Name                                                                                  50%    66%    75%    80%    90%    95%    98%    99%  99.9% 99.99%   100% # reqs
--------|--------------------------------------------------------------------------------|--------|------|------|------|------|------|------|------|------|------|------|------
GET      ai/conversations                                                                       13     15     23     25     58     58     58     58     58     58     58      9
GET      ai/status                                                                              17     22     26     27     30     30     30     30     30     30     30      9
GET      auth/csrf                                                                              12     12     12     15     15     15     15     15     15     15     15      5
POST     auth/login                                                                            410    410    410    420    420    420    420    420    420    420    420      5
GET      business/devices                                                                       17     21     25     28     32     40     40     40     40     40     40     37
GET      business/notifications                                                                 22     23     27     27     29     37     37     37     37     37     37     15
GET      business/reservations                                                                  30     33     37     38     50     73     73     73     73     73     73     19
--------|--------------------------------------------------------------------------------|--------|------|------|------|------|------|------|------|------|------|------|------
         Aggregated                                                                             22     26     30     31     40    400    410    420    420    420    420     99

