
--- stderr ---
Type     Name                                                                          # reqs      # fails |    Avg     Min     Max    Med |   req/s  failures/s
--------|----------------------------------------------------------------------------|-------|-------------|-------|-------|-------|-------|--------|-----------
GET      ai/conversations                                                                   6     0(0.00%) |     12       7      24     11 |    0.63        0.00
GET      ai/status                                                                         11     0(0.00%) |     12       7      19     12 |    1.16        0.00
GET      auth/csrf                                                                          5     0(0.00%) |     12       7      26     11 |    0.53        0.00
POST     auth/login                                                                         5     0(0.00%) |    235     234     236    234 |    0.53        0.00
GET      business/devices                                                                  35     0(0.00%) |     14       6      35     14 |    3.69        0.00
GET      business/notifications                                                            16     0(0.00%) |     20      10      35     21 |    1.69        0.00
GET      business/reservations                                                             19     0(0.00%) |     28      18      49     27 |    2.01        0.00
--------|----------------------------------------------------------------------------|-------|-------------|-------|-------|-------|-------|--------|-----------
         Aggregated                                                                        97     0(0.00%) |     28       6     236     15 |   10.24        0.00

Response time percentiles (approximated)
Type     Name                                                                                  50%    66%    75%    80%    90%    95%    98%    99%  99.9% 99.99%   100% # reqs
--------|--------------------------------------------------------------------------------|--------|------|------|------|------|------|------|------|------|------|------|------
GET      ai/conversations                                                                       11     11     12     12     24     24     24     24     24     24     24      6
GET      ai/status                                                                              12     15     15     15     17     20     20     20     20     20     20     11
GET      auth/csrf                                                                              11     11     11     26     26     26     26     26     26     26     26      5
POST     auth/login                                                                            230    240    240    240    240    240    240    240    240    240    240      5
GET      business/devices                                                                       14     15     15     19     23     27     35     35     35     35     35     35
GET      business/notifications                                                                 21     25     26     26     28     35     35     35     35     35     35     16
GET      business/reservations                                                                  27     29     36     37     44     49     49     49     49     49     49     19
--------|--------------------------------------------------------------------------------|--------|------|------|------|------|------|------|------|------|------|------|------
         Aggregated                                                                             15     21     25     27     36    230    240    240    240    240    240     97

