
--- stderr ---
Type     Name                                                                          # reqs      # fails |    Avg     Min     Max    Med |   req/s  failures/s
--------|----------------------------------------------------------------------------|-------|-------------|-------|-------|-------|-------|--------|-----------
GET      ai/conversations                                                                  22     0(0.00%) |     14       7      48     11 |    2.27        0.00
GET      ai/status                                                                         65     0(0.00%) |     37       7     394     12 |    6.71        0.00
GET      auth/csrf                                                                         25     0(0.00%) |     18      13      28     17 |    2.58        0.00
POST     auth/login                                                                        25     0(0.00%) |    751     317     937    920 |    2.58        0.00
GET      business/devices                                                                 183     0(0.00%) |     31       6     649     12 |   18.89        0.00
GET      business/notifications                                                            54     0(0.00%) |     36       8     705     13 |    5.57        0.00
GET      business/reservations                                                             86     0(0.00%) |     64      15     802     25 |    8.88        0.00
--------|----------------------------------------------------------------------------|-------|-------------|-------|-------|-------|-------|--------|-----------
         Aggregated                                                                       460     0(0.00%) |     76       6     937     16 |   47.47        0.00

Response time percentiles (approximated)
Type     Name                                                                                  50%    66%    75%    80%    90%    95%    98%    99%  99.9% 99.99%   100% # reqs
--------|--------------------------------------------------------------------------------|--------|------|------|------|------|------|------|------|------|------|------|------
GET      ai/conversations                                                                       11     17     17     18     23     30     49     49     49     49     49     22
GET      ai/status                                                                              12     16     19     21     32    390    390    390    390    390    390     65
GET      auth/csrf                                                                              17     20     22     23     26     27     28     28     28     28     28     25
POST     auth/login                                                                            920    930    930    930    930    930    940    940    940    940    940     25
GET      business/devices                                                                       12     14     18     20     27     50    430    440    650    650    650    183
GET      business/notifications                                                                 13     16     18     21     29     67    440    710    710    710    710     54
GET      business/reservations                                                                  25     33     38     38     62    410    610    800    800    800    800     86
--------|--------------------------------------------------------------------------------|--------|------|------|------|------|------|------|------|------|------|------|------
         Aggregated                                                                             16     21     25     28     67    490    930    930    940    940    940    460

